Archive member included to satisfy reference by file (symbol)

c:/program files (x86)/atmel/studio/7.0/toolchain/avr8/avr8-gnu-toolchain/bin/../lib/gcc/avr/5.4.0/avr5\libgcc.a(_exit.o)
                              C:/Program Files (x86)/Atmel/Studio/7.0/Packs/atmel/ATmega_DFP/1.6.364/gcc/dev/atmega328p/avr5/crtatmega328p.o (exit)
c:/program files (x86)/atmel/studio/7.0/toolchain/avr8/avr8-gnu-toolchain/bin/../lib/gcc/avr/5.4.0/avr5\libgcc.a(_tablejump2.o)
                              Biblioteca/CentralAlarme.o (__tablejump2__)
c:/program files (x86)/atmel/studio/7.0/toolchain/avr8/avr8-gnu-toolchain/bin/../lib/gcc/avr/5.4.0/avr5\libgcc.a(_copy_data.o)
                              Biblioteca/CentralAlarme.o (__do_copy_data)
c:/program files (x86)/atmel/studio/7.0/toolchain/avr8/avr8-gnu-toolchain/bin/../lib/gcc/avr/5.4.0/avr5\libgcc.a(_clear_bss.o)
                              Biblioteca/CentralAlarme.o (__do_clear_bss)
c:/program files (x86)/atmel/studio/7.0/toolchain/avr8/avr8-gnu-toolchain/bin/../lib/gcc/avr/5.4.0/avr5\libgcc.a(_umulhisi3.o)
                              Biblioteca/RTCds1307.o (__umulhisi3)

Allocating common symbols
Common symbol       size              file

Second              0x1               Biblioteca/CentralAlarme.o
Hour                0x1               Biblioteca/CentralAlarme.o
Mount               0x1               Biblioteca/CentralAlarme.o
hr_format           0x1               Biblioteca/CentralAlarme.o
DayOfWeek           0x1               Biblioteca/CentralAlarme.o
Minute              0x1               Biblioteca/CentralAlarme.o
senha3              0x2               Biblioteca/CentralAlarme.o
counter             0x2               Biblioteca/CentralAlarme.o
Day                 0x1               Biblioteca/CentralAlarme.o
senha1              0x2               Biblioteca/CentralAlarme.o
am_pm               0x1               Biblioteca/CentralAlarme.o
Year                0x2               Biblioteca/CentralAlarme.o
t_teclado           0x2               Biblioteca/CentralAlarme.o
senha2              0x2               Biblioteca/CentralAlarme.o

Discarded input sections

 .data          0x00000000        0x0 C:/Program Files (x86)/Atmel/Studio/7.0/Packs/atmel/ATmega_DFP/1.6.364/gcc/dev/atmega328p/avr5/crtatmega328p.o
 .bss           0x00000000        0x0 C:/Program Files (x86)/Atmel/Studio/7.0/Packs/atmel/ATmega_DFP/1.6.364/gcc/dev/atmega328p/avr5/crtatmega328p.o
 .text          0x00000000        0x0 Biblioteca/CentralAlarme.o
 .data          0x00000000        0x0 Biblioteca/CentralAlarme.o
 .bss           0x00000000        0x0 Biblioteca/CentralAlarme.o
 .text.E_tempo  0x00000000        0x2 Biblioteca/CentralAlarme.o
 .text.E_programacao
                0x00000000       0x50 Biblioteca/CentralAlarme.o
 .text.E_panico
                0x00000000        0x2 Biblioteca/CentralAlarme.o
 .text.E_recuperacao
                0x00000000       0x46 Biblioteca/CentralAlarme.o
 .text.Valor_teclado_LCD
                0x00000000       0x52 Biblioteca/CentralAlarme.o
 .progmem.gcc_sw_table.Valor_teclado_LCD
                0x00000000       0x20 Biblioteca/CentralAlarme.o
 .bss.T_down    0x00000000        0x2 Biblioteca/CentralAlarme.o
 .bss.temp_sirene
                0x00000000        0x2 Biblioteca/CentralAlarme.o
 .bss.temp_ativ
                0x00000000        0x2 Biblioteca/CentralAlarme.o
 .data.timeout  0x00000000        0x2 Biblioteca/CentralAlarme.o
 .text          0x00000000        0x0 Biblioteca/displayI2C.o
 .data          0x00000000        0x0 Biblioteca/displayI2C.o
 .bss           0x00000000        0x0 Biblioteca/displayI2C.o
 .text.pula_linha
                0x00000000        0x8 Biblioteca/displayI2C.o
 .text.limpa_cursor
                0x00000000        0x8 Biblioteca/displayI2C.o
 .text          0x00000000        0x0 Biblioteca/I2C.o
 .data          0x00000000        0x0 Biblioteca/I2C.o
 .bss           0x00000000        0x0 Biblioteca/I2C.o
 .text.i2c_read
                0x00000000       0x14 Biblioteca/I2C.o
 .text          0x00000000        0x0 Biblioteca/RTCds1307.o
 .data          0x00000000        0x0 Biblioteca/RTCds1307.o
 .bss           0x00000000        0x0 Biblioteca/RTCds1307.o
 .text.BCD_To_Decimal
                0x00000000       0x16 Biblioteca/RTCds1307.o
 .text.Decimal_To_BCD
                0x00000000       0x28 Biblioteca/RTCds1307.o
 .text.RTC_Read
                0x00000000       0x42 Biblioteca/RTCds1307.o
 .text.RTC_Write
                0x00000000       0x28 Biblioteca/RTCds1307.o
 .text.RTC_Init
                0x00000000       0x1e Biblioteca/RTCds1307.o
 .text.RTC_GetTime
                0x00000000       0x88 Biblioteca/RTCds1307.o
 .text.RTC_GetDate
                0x00000000       0xa4 Biblioteca/RTCds1307.o
 .text.RTC_SetTime
                0x00000000       0x66 Biblioteca/RTCds1307.o
 .text.RTC_SetDate
                0x00000000       0x6e Biblioteca/RTCds1307.o
 .debug_info    0x00000000      0x703 Biblioteca/RTCds1307.o
 .debug_abbrev  0x00000000      0x140 Biblioteca/RTCds1307.o
 .debug_loc     0x00000000      0x6b8 Biblioteca/RTCds1307.o
 .debug_aranges
                0x00000000       0x60 Biblioteca/RTCds1307.o
 .debug_ranges  0x00000000       0x50 Biblioteca/RTCds1307.o
 .debug_line    0x00000000      0x266 Biblioteca/RTCds1307.o
 .debug_str     0x00000000      0x337 Biblioteca/RTCds1307.o
 .comment       0x00000000       0x31 Biblioteca/RTCds1307.o
 .debug_frame   0x00000000      0x148 Biblioteca/RTCds1307.o
 .text          0x00000000        0x0 Biblioteca/UART.o
 .data          0x00000000        0x0 Biblioteca/UART.o
 .bss           0x00000000        0x0 Biblioteca/UART.o
 .text.config_UART
                0x00000000       0x1a Biblioteca/UART.o
 .text.receber  0x00000000        0xe Biblioteca/UART.o
 .text.envio_teste
                0x00000000        0x8 Biblioteca/UART.o
 .text          0x00000000        0x0 main.o
 .data          0x00000000        0x0 main.o
 .bss           0x00000000        0x0 main.o
 .text          0x00000000        0x0 c:/program files (x86)/atmel/studio/7.0/toolchain/avr8/avr8-gnu-toolchain/bin/../lib/gcc/avr/5.4.0/avr5\libgcc.a(_exit.o)
 .data          0x00000000        0x0 c:/program files (x86)/atmel/studio/7.0/toolchain/avr8/avr8-gnu-toolchain/bin/../lib/gcc/avr/5.4.0/avr5\libgcc.a(_exit.o)
 .bss           0x00000000        0x0 c:/program files (x86)/atmel/studio/7.0/toolchain/avr8/avr8-gnu-toolchain/bin/../lib/gcc/avr/5.4.0/avr5\libgcc.a(_exit.o)
 .text.libgcc.mul
                0x00000000        0x0 c:/program files (x86)/atmel/studio/7.0/toolchain/avr8/avr8-gnu-toolchain/bin/../lib/gcc/avr/5.4.0/avr5\libgcc.a(_exit.o)
 .text.libgcc.div
                0x00000000        0x0 c:/program files (x86)/atmel/studio/7.0/toolchain/avr8/avr8-gnu-toolchain/bin/../lib/gcc/avr/5.4.0/avr5\libgcc.a(_exit.o)
 .text.libgcc   0x00000000        0x0 c:/program files (x86)/atmel/studio/7.0/toolchain/avr8/avr8-gnu-toolchain/bin/../lib/gcc/avr/5.4.0/avr5\libgcc.a(_exit.o)
 .text.libgcc.prologue
                0x00000000        0x0 c:/program files (x86)/atmel/studio/7.0/toolchain/avr8/avr8-gnu-toolchain/bin/../lib/gcc/avr/5.4.0/avr5\libgcc.a(_exit.o)
 .text.libgcc.builtins
                0x00000000        0x0 c:/program files (x86)/atmel/studio/7.0/toolchain/avr8/avr8-gnu-toolchain/bin/../lib/gcc/avr/5.4.0/avr5\libgcc.a(_exit.o)
 .text.libgcc.fmul
                0x00000000        0x0 c:/program files (x86)/atmel/studio/7.0/toolchain/avr8/avr8-gnu-toolchain/bin/../lib/gcc/avr/5.4.0/avr5\libgcc.a(_exit.o)
 .text.libgcc.fixed
                0x00000000        0x0 c:/program files (x86)/atmel/studio/7.0/toolchain/avr8/avr8-gnu-toolchain/bin/../lib/gcc/avr/5.4.0/avr5\libgcc.a(_exit.o)
 .text          0x00000000        0x0 c:/program files (x86)/atmel/studio/7.0/toolchain/avr8/avr8-gnu-toolchain/bin/../lib/gcc/avr/5.4.0/avr5\libgcc.a(_tablejump2.o)
 .data          0x00000000        0x0 c:/program files (x86)/atmel/studio/7.0/toolchain/avr8/avr8-gnu-toolchain/bin/../lib/gcc/avr/5.4.0/avr5\libgcc.a(_tablejump2.o)
 .bss           0x00000000        0x0 c:/program files (x86)/atmel/studio/7.0/toolchain/avr8/avr8-gnu-toolchain/bin/../lib/gcc/avr/5.4.0/avr5\libgcc.a(_tablejump2.o)
 .text.libgcc.mul
                0x00000000        0x0 c:/program files (x86)/atmel/studio/7.0/toolchain/avr8/avr8-gnu-toolchain/bin/../lib/gcc/avr/5.4.0/avr5\libgcc.a(_tablejump2.o)
 .text.libgcc.div
                0x00000000        0x0 c:/program files (x86)/atmel/studio/7.0/toolchain/avr8/avr8-gnu-toolchain/bin/../lib/gcc/avr/5.4.0/avr5\libgcc.a(_tablejump2.o)
 .text.libgcc.prologue
                0x00000000        0x0 c:/program files (x86)/atmel/studio/7.0/toolchain/avr8/avr8-gnu-toolchain/bin/../lib/gcc/avr/5.4.0/avr5\libgcc.a(_tablejump2.o)
 .text.libgcc.builtins
                0x00000000        0x0 c:/program files (x86)/atmel/studio/7.0/toolchain/avr8/avr8-gnu-toolchain/bin/../lib/gcc/avr/5.4.0/avr5\libgcc.a(_tablejump2.o)
 .text.libgcc.fmul
                0x00000000        0x0 c:/program files (x86)/atmel/studio/7.0/toolchain/avr8/avr8-gnu-toolchain/bin/../lib/gcc/avr/5.4.0/avr5\libgcc.a(_tablejump2.o)
 .text.libgcc.fixed
                0x00000000        0x0 c:/program files (x86)/atmel/studio/7.0/toolchain/avr8/avr8-gnu-toolchain/bin/../lib/gcc/avr/5.4.0/avr5\libgcc.a(_tablejump2.o)
 .text          0x00000000        0x0 c:/program files (x86)/atmel/studio/7.0/toolchain/avr8/avr8-gnu-toolchain/bin/../lib/gcc/avr/5.4.0/avr5\libgcc.a(_copy_data.o)
 .data          0x00000000        0x0 c:/program files (x86)/atmel/studio/7.0/toolchain/avr8/avr8-gnu-toolchain/bin/../lib/gcc/avr/5.4.0/avr5\libgcc.a(_copy_data.o)
 .bss           0x00000000        0x0 c:/program files (x86)/atmel/studio/7.0/toolchain/avr8/avr8-gnu-toolchain/bin/../lib/gcc/avr/5.4.0/avr5\libgcc.a(_copy_data.o)
 .text.libgcc.mul
                0x00000000        0x0 c:/program files (x86)/atmel/studio/7.0/toolchain/avr8/avr8-gnu-toolchain/bin/../lib/gcc/avr/5.4.0/avr5\libgcc.a(_copy_data.o)
 .text.libgcc.div
                0x00000000        0x0 c:/program files (x86)/atmel/studio/7.0/toolchain/avr8/avr8-gnu-toolchain/bin/../lib/gcc/avr/5.4.0/avr5\libgcc.a(_copy_data.o)
 .text.libgcc   0x00000000        0x0 c:/program files (x86)/atmel/studio/7.0/toolchain/avr8/avr8-gnu-toolchain/bin/../lib/gcc/avr/5.4.0/avr5\libgcc.a(_copy_data.o)
 .text.libgcc.prologue
                0x00000000        0x0 c:/program files (x86)/atmel/studio/7.0/toolchain/avr8/avr8-gnu-toolchain/bin/../lib/gcc/avr/5.4.0/avr5\libgcc.a(_copy_data.o)
 .text.libgcc.builtins
                0x00000000        0x0 c:/program files (x86)/atmel/studio/7.0/toolchain/avr8/avr8-gnu-toolchain/bin/../lib/gcc/avr/5.4.0/avr5\libgcc.a(_copy_data.o)
 .text.libgcc.fmul
                0x00000000        0x0 c:/program files (x86)/atmel/studio/7.0/toolchain/avr8/avr8-gnu-toolchain/bin/../lib/gcc/avr/5.4.0/avr5\libgcc.a(_copy_data.o)
 .text.libgcc.fixed
                0x00000000        0x0 c:/program files (x86)/atmel/studio/7.0/toolchain/avr8/avr8-gnu-toolchain/bin/../lib/gcc/avr/5.4.0/avr5\libgcc.a(_copy_data.o)
 .text          0x00000000        0x0 c:/program files (x86)/atmel/studio/7.0/toolchain/avr8/avr8-gnu-toolchain/bin/../lib/gcc/avr/5.4.0/avr5\libgcc.a(_clear_bss.o)
 .data          0x00000000        0x0 c:/program files (x86)/atmel/studio/7.0/toolchain/avr8/avr8-gnu-toolchain/bin/../lib/gcc/avr/5.4.0/avr5\libgcc.a(_clear_bss.o)
 .bss           0x00000000        0x0 c:/program files (x86)/atmel/studio/7.0/toolchain/avr8/avr8-gnu-toolchain/bin/../lib/gcc/avr/5.4.0/avr5\libgcc.a(_clear_bss.o)
 .text.libgcc.mul
                0x00000000        0x0 c:/program files (x86)/atmel/studio/7.0/toolchain/avr8/avr8-gnu-toolchain/bin/../lib/gcc/avr/5.4.0/avr5\libgcc.a(_clear_bss.o)
 .text.libgcc.div
                0x00000000        0x0 c:/program files (x86)/atmel/studio/7.0/toolchain/avr8/avr8-gnu-toolchain/bin/../lib/gcc/avr/5.4.0/avr5\libgcc.a(_clear_bss.o)
 .text.libgcc   0x00000000        0x0 c:/program files (x86)/atmel/studio/7.0/toolchain/avr8/avr8-gnu-toolchain/bin/../lib/gcc/avr/5.4.0/avr5\libgcc.a(_clear_bss.o)
 .text.libgcc.prologue
                0x00000000        0x0 c:/program files (x86)/atmel/studio/7.0/toolchain/avr8/avr8-gnu-toolchain/bin/../lib/gcc/avr/5.4.0/avr5\libgcc.a(_clear_bss.o)
 .text.libgcc.builtins
                0x00000000        0x0 c:/program files (x86)/atmel/studio/7.0/toolchain/avr8/avr8-gnu-toolchain/bin/../lib/gcc/avr/5.4.0/avr5\libgcc.a(_clear_bss.o)
 .text.libgcc.fmul
                0x00000000        0x0 c:/program files (x86)/atmel/studio/7.0/toolchain/avr8/avr8-gnu-toolchain/bin/../lib/gcc/avr/5.4.0/avr5\libgcc.a(_clear_bss.o)
 .text.libgcc.fixed
                0x00000000        0x0 c:/program files (x86)/atmel/studio/7.0/toolchain/avr8/avr8-gnu-toolchain/bin/../lib/gcc/avr/5.4.0/avr5\libgcc.a(_clear_bss.o)
 .text          0x00000000        0x0 c:/program files (x86)/atmel/studio/7.0/toolchain/avr8/avr8-gnu-toolchain/bin/../lib/gcc/avr/5.4.0/avr5\libgcc.a(_umulhisi3.o)
 .data          0x00000000        0x0 c:/program files (x86)/atmel/studio/7.0/toolchain/avr8/avr8-gnu-toolchain/bin/../lib/gcc/avr/5.4.0/avr5\libgcc.a(_umulhisi3.o)
 .bss           0x00000000        0x0 c:/program files (x86)/atmel/studio/7.0/toolchain/avr8/avr8-gnu-toolchain/bin/../lib/gcc/avr/5.4.0/avr5\libgcc.a(_umulhisi3.o)
 .text.libgcc.mul
                0x00000000       0x1e c:/program files (x86)/atmel/studio/7.0/toolchain/avr8/avr8-gnu-toolchain/bin/../lib/gcc/avr/5.4.0/avr5\libgcc.a(_umulhisi3.o)
 .text.libgcc.div
                0x00000000        0x0 c:/program files (x86)/atmel/studio/7.0/toolchain/avr8/avr8-gnu-toolchain/bin/../lib/gcc/avr/5.4.0/avr5\libgcc.a(_umulhisi3.o)
 .text.libgcc   0x00000000        0x0 c:/program files (x86)/atmel/studio/7.0/toolchain/avr8/avr8-gnu-toolchain/bin/../lib/gcc/avr/5.4.0/avr5\libgcc.a(_umulhisi3.o)
 .text.libgcc.prologue
                0x00000000        0x0 c:/program files (x86)/atmel/studio/7.0/toolchain/avr8/avr8-gnu-toolchain/bin/../lib/gcc/avr/5.4.0/avr5\libgcc.a(_umulhisi3.o)
 .text.libgcc.builtins
                0x00000000        0x0 c:/program files (x86)/atmel/studio/7.0/toolchain/avr8/avr8-gnu-toolchain/bin/../lib/gcc/avr/5.4.0/avr5\libgcc.a(_umulhisi3.o)
 .text.libgcc.fmul
                0x00000000        0x0 c:/program files (x86)/atmel/studio/7.0/toolchain/avr8/avr8-gnu-toolchain/bin/../lib/gcc/avr/5.4.0/avr5\libgcc.a(_umulhisi3.o)
 .text.libgcc.fixed
                0x00000000        0x0 c:/program files (x86)/atmel/studio/7.0/toolchain/avr8/avr8-gnu-toolchain/bin/../lib/gcc/avr/5.4.0/avr5\libgcc.a(_umulhisi3.o)

Memory Configuration

Name             Origin             Length             Attributes
text             0x00000000         0x00008000         xr
data             0x00800100         0x00000800         rw !x
eeprom           0x00810000         0x00000400         rw !x
fuse             0x00820000         0x00000003         rw !x
lock             0x00830000         0x00000400         rw !x
signature        0x00840000         0x00000400         rw !x
user_signatures  0x00850000         0x00000400         rw !x
*default*        0x00000000         0xffffffff

Linker script and memory map

Address of section .data set to 0x800100
LOAD C:/Program Files (x86)/Atmel/Studio/7.0/Packs/atmel/ATmega_DFP/1.6.364/gcc/dev/atmega328p/avr5/crtatmega328p.o
LOAD Biblioteca/CentralAlarme.o
LOAD Biblioteca/displayI2C.o
LOAD Biblioteca/I2C.o
LOAD Biblioteca/RTCds1307.o
LOAD Biblioteca/UART.o
LOAD main.o
START GROUP
LOAD c:/program files (x86)/atmel/studio/7.0/toolchain/avr8/avr8-gnu-toolchain/bin/../lib/gcc/avr/5.4.0/../../../../avr/lib/avr5\libm.a
END GROUP
START GROUP
LOAD c:/program files (x86)/atmel/studio/7.0/toolchain/avr8/avr8-gnu-toolchain/bin/../lib/gcc/avr/5.4.0/avr5\libgcc.a
LOAD c:/program files (x86)/atmel/studio/7.0/toolchain/avr8/avr8-gnu-toolchain/bin/../lib/gcc/avr/5.4.0/../../../../avr/lib/avr5\libm.a
LOAD c:/program files (x86)/atmel/studio/7.0/toolchain/avr8/avr8-gnu-toolchain/bin/../lib/gcc/avr/5.4.0/../../../../avr/lib/avr5\libc.a
LOAD C:/Program Files (x86)/Atmel/Studio/7.0/Packs/atmel/ATmega_DFP/1.6.364/gcc/dev/atmega328p/avr5\libatmega328p.a
END GROUP
                0x00000000                __TEXT_REGION_ORIGIN__ = DEFINED (__TEXT_REGION_ORIGIN__)?__TEXT_REGION_ORIGIN__:0x0
                [0x00800100]                __DATA_REGION_ORIGIN__ = DEFINED (__DATA_REGION_ORIGIN__)?__DATA_REGION_ORIGIN__:0x800060
                [0x00008000]                __TEXT_REGION_LENGTH__ = DEFINED (__TEXT_REGION_LENGTH__)?__TEXT_REGION_LENGTH__:0x20000
                [0x00000800]                __DATA_REGION_LENGTH__ = DEFINED (__DATA_REGION_LENGTH__)?__DATA_REGION_LENGTH__:0xffa0
                [0x00000400]                __EEPROM_REGION_LENGTH__ = DEFINED (__EEPROM_REGION_LENGTH__)?__EEPROM_REGION_LENGTH__:0x10000
                [0x00000003]                __FUSE_REGION_LENGTH__ = DEFINED (__FUSE_REGION_LENGTH__)?__FUSE_REGION_LENGTH__:0x400
                0x00000400                __LOCK_REGION_LENGTH__ = DEFINED (__LOCK_REGION_LENGTH__)?__LOCK_REGION_LENGTH__:0x400
                0x00000400                __SIGNATURE_REGION_LENGTH__ = DEFINED (__SIGNATURE_REGION_LENGTH__)?__SIGNATURE_REGION_LENGTH__:0x400
                0x00000400                __USER_SIGNATURE_REGION_LENGTH__ = DEFINED (__USER_SIGNATURE_REGION_LENGTH__)?__USER_SIGNATURE_REGION_LENGTH__:0x400

.hash
 *(.hash)

.dynsym
 *(.dynsym)

.dynstr
 *(.dynstr)

.gnu.version
 *(.gnu.version)

.gnu.version_d
 *(.gnu.version_d)

.gnu.version_r
 *(.gnu.version_r)

.rel.init
 *(.rel.init)

.rela.init
 *(.rela.init)

.rel.text
 *(.rel.text)
 *(.rel.text.*)
 *(.rel.gnu.linkonce.t*)

.rela.text
 *(.rela.text)
 *(.rela.text.*)
 *(.rela.gnu.linkonce.t*)

.rel.fini
 *(.rel.fini)

.rela.fini
 *(.rela.fini)

.rel.rodata
 *(.rel.rodata)
 *(.rel.rodata.*)
 *(.rel.gnu.linkonce.r*)

.rela.rodata
 *(.rela.rodata)
 *(.rela.rodata.*)
 *(.rela.gnu.linkonce.r*)

.rel.data
 *(.rel.data)
 *(.rel.data.*)
 *(.rel.gnu.linkonce.d*)

.rela.data
 *(.rela.data)
 *(.rela.data.*)
 *(.rela.gnu.linkonce.d*)

.rel.ctors
 *(.rel.ctors)

.rela.ctors
 *(.rela.ctors)

.rel.dtors
 *(.rel.dtors)

.rela.dtors
 *(.rela.dtors)

.rel.got
 *(.rel.got)

.rela.got
 *(.rela.got)

.rel.bss
 *(.rel.bss)

.rela.bss
 *(.rela.bss)

.rel.plt
 *(.rel.plt)

.rela.plt
 *(.rela.plt)

.text           0x00000000      0x974
 *(.vectors)
 .vectors       0x00000000       0x68 C:/Program Files (x86)/Atmel/Studio/7.0/Packs/atmel/ATmega_DFP/1.6.364/gcc/dev/atmega328p/avr5/crtatmega328p.o
                0x00000000                __vector_default
                0x00000000                __vectors
 *(.vectors)
 *(.progmem.gcc*)
 .progmem.gcc_sw_table.set_cell
                0x00000068       0x3e Biblioteca/displayI2C.o
                0x000000a6                . = ALIGN (0x2)
                0x000000a6                __trampolines_start = .
 *(.trampolines)
 .trampolines   0x000000a6        0x0 linker stubs
 *(.trampolines*)
                0x000000a6                __trampolines_end = .
 *libprintf_flt.a:*(.progmem.data)
 *libc.a:*(.progmem.data)
 *(.progmem*)
                0x000000a6                . = ALIGN (0x2)
 *(.jumptables)
 *(.jumptables*)
 *(.lowtext)
 *(.lowtext*)
                0x000000a6                __ctors_start = .
 *(.ctors)
                0x000000a6                __ctors_end = .
                0x000000a6                __dtors_start = .
 *(.dtors)
                0x000000a6                __dtors_end = .
 SORT(*)(.ctors)
 SORT(*)(.dtors)
 *(.init0)
 .init0         0x000000a6        0x0 C:/Program Files (x86)/Atmel/Studio/7.0/Packs/atmel/ATmega_DFP/1.6.364/gcc/dev/atmega328p/avr5/crtatmega328p.o
                0x000000a6                __init
 *(.init0)
 *(.init1)
 *(.init1)
 *(.init2)
 .init2         0x000000a6        0xc C:/Program Files (x86)/Atmel/Studio/7.0/Packs/atmel/ATmega_DFP/1.6.364/gcc/dev/atmega328p/avr5/crtatmega328p.o
 *(.init2)
 *(.init3)
 *(.init3)
 *(.init4)
 .init4         0x000000b2       0x16 c:/program files (x86)/atmel/studio/7.0/toolchain/avr8/avr8-gnu-toolchain/bin/../lib/gcc/avr/5.4.0/avr5\libgcc.a(_copy_data.o)
                0x000000b2                __do_copy_data
 .init4         0x000000c8       0x10 c:/program files (x86)/atmel/studio/7.0/toolchain/avr8/avr8-gnu-toolchain/bin/../lib/gcc/avr/5.4.0/avr5\libgcc.a(_clear_bss.o)
                0x000000c8                __do_clear_bss
 *(.init4)
 *(.init5)
 *(.init5)
 *(.init6)
 *(.init6)
 *(.init7)
 *(.init7)
 *(.init8)
 *(.init8)
 *(.init9)
 .init9         0x000000d8        0x8 C:/Program Files (x86)/Atmel/Studio/7.0/Packs/atmel/ATmega_DFP/1.6.364/gcc/dev/atmega328p/avr5/crtatmega328p.o
 *(.init9)
 *(.text)
 .text          0x000000e0        0x4 C:/Program Files (x86)/Atmel/Studio/7.0/Packs/atmel/ATmega_DFP/1.6.364/gcc/dev/atmega328p/avr5/crtatmega328p.o
                0x000000e0                __vector_22
                0x000000e0                __vector_1
                0x000000e0                __vector_24
                0x000000e0                __vector_12
                0x000000e0                __bad_interrupt
                0x000000e0                __vector_6
                0x000000e0                __vector_3
                0x000000e0                __vector_23
                0x000000e0                __vector_25
                0x000000e0                __vector_11
                0x000000e0                __vector_13
                0x000000e0                __vector_17
                0x000000e0                __vector_19
                0x000000e0                __vector_7
                0x000000e0                __vector_5
                0x000000e0                __vector_4
                0x000000e0                __vector_9
                0x000000e0                __vector_2
                0x000000e0                __vector_21
                0x000000e0                __vector_15
                0x000000e0                __vector_8
                0x000000e0                __vector_14
                0x000000e0                __vector_10
                0x000000e0                __vector_16
                0x000000e0                __vector_20
                0x000000e4                . = ALIGN (0x2)
 *(.text.*)
 .text.teclado  0x000000e4       0xd6 Biblioteca/CentralAlarme.o
                0x000000e4                teclado
 .text.E_desativado
                0x000001ba       0x3c Biblioteca/CentralAlarme.o
                0x000001ba                E_desativado
 .text.E_inserir_senha
                0x000001f6      0x112 Biblioteca/CentralAlarme.o
                0x000001f6                E_inserir_senha
 .text.E_verificar_senha
                0x00000308       0x9e Biblioteca/CentralAlarme.o
                0x00000308                E_verificar_senha
 .text.E_ativo  0x000003a6       0x3c Biblioteca/CentralAlarme.o
                0x000003a6                E_ativo
 .text.en_up_down
                0x000003e2       0x32 Biblioteca/displayI2C.o
                0x000003e2                en_up_down
 .text.lcd_cmd_8bits
                0x00000414       0x94 Biblioteca/displayI2C.o
                0x00000414                lcd_cmd_8bits
 .text.limpa_lcd
                0x000004a8        0x8 Biblioteca/displayI2C.o
                0x000004a8                limpa_lcd
 .text.lcd_cmd_4bits
                0x000004b0       0x50 Biblioteca/displayI2C.o
                0x000004b0                lcd_cmd_4bits
 .text.lcd_escreve
                0x00000500       0x94 Biblioteca/displayI2C.o
                0x00000500                lcd_escreve
 .text.inicia_display
                0x00000594       0x20 Biblioteca/displayI2C.o
                0x00000594                inicia_display
 .text.set_str  0x000005b4       0x1a Biblioteca/displayI2C.o
                0x000005b4                set_str
 .text.set_cell
                0x000005ce       0x96 Biblioteca/displayI2C.o
                0x000005ce                set_cell
 .text.pisca_cell
                0x00000664        0x8 Biblioteca/displayI2C.o
                0x00000664                pisca_cell
 .text.para_pisca
                0x0000066c        0x8 Biblioteca/displayI2C.o
                0x0000066c                para_pisca
 .text.delay_ms
                0x00000674       0x24 Biblioteca/displayI2C.o
                0x00000674                delay_ms
 .text.i2c_init
                0x00000698       0x12 Biblioteca/I2C.o
                0x00000698                i2c_init
 .text.i2c_start
                0x000006aa       0x10 Biblioteca/I2C.o
                0x000006aa                i2c_start
 .text.i2c_write
                0x000006ba       0x14 Biblioteca/I2C.o
                0x000006ba                i2c_write
 .text.i2c_stop
                0x000006ce        0xa Biblioteca/I2C.o
                0x000006ce                i2c_stop
 .text.enviar   0x000006d8        0xe Biblioteca/UART.o
                0x000006d8                enviar
 .text.__vector_18
                0x000006e6       0xa6 main.o
                0x000006e6                __vector_18
 .text.main     0x0000078c      0x1d8 main.o
                0x0000078c                main
 .text.libgcc   0x00000964        0xc c:/program files (x86)/atmel/studio/7.0/toolchain/avr8/avr8-gnu-toolchain/bin/../lib/gcc/avr/5.4.0/avr5\libgcc.a(_tablejump2.o)
                0x00000964                __tablejump2__
                0x00000970                . = ALIGN (0x2)
 *(.fini9)
 .fini9         0x00000970        0x0 c:/program files (x86)/atmel/studio/7.0/toolchain/avr8/avr8-gnu-toolchain/bin/../lib/gcc/avr/5.4.0/avr5\libgcc.a(_exit.o)
                0x00000970                _exit
                0x00000970                exit
 *(.fini9)
 *(.fini8)
 *(.fini8)
 *(.fini7)
 *(.fini7)
 *(.fini6)
 *(.fini6)
 *(.fini5)
 *(.fini5)
 *(.fini4)
 *(.fini4)
 *(.fini3)
 *(.fini3)
 *(.fini2)
 *(.fini2)
 *(.fini1)
 *(.fini1)
 *(.fini0)
 .fini0         0x00000970        0x4 c:/program files (x86)/atmel/studio/7.0/toolchain/avr8/avr8-gnu-toolchain/bin/../lib/gcc/avr/5.4.0/avr5\libgcc.a(_exit.o)
 *(.fini0)
                0x00000974                _etext = .

.data           0x00800100       0x80 load address 0x00000974
                0x00800100                PROVIDE (__data_start, .)
 *(.data)
 *(.data*)
 .data.zona     0x00800100        0x6 Biblioteca/CentralAlarme.o
                0x00800100                zona
 .data.senham   0x00800106        0x2 Biblioteca/CentralAlarme.o
                0x00800106                senham
 *(.gnu.linkonce.d*)
 *(.rodata)
 *(.rodata*)
 .rodata.str1.1
                0x00800108       0x5e Biblioteca/CentralAlarme.o
 .rodata.str1.1
                0x00800166       0x1a main.o
 *(.gnu.linkonce.r*)
                0x00800180                . = ALIGN (0x2)
                0x00800180                _edata = .
                0x00800180                PROVIDE (__data_end, .)

.bss            0x00800180       0x16
                0x00800180                PROVIDE (__bss_start, .)
 *(.bss)
 *(.bss*)
 .bss.Modo      0x00800180        0x2 Biblioteca/CentralAlarme.o
                0x00800180                Modo
 *(COMMON)
 COMMON         0x00800182       0x14 Biblioteca/CentralAlarme.o
                0x00800182                Second
                0x00800183                Hour
                0x00800184                Mount
                0x00800185                hr_format
                0x00800186                DayOfWeek
                0x00800187                Minute
                0x00800188                senha3
                0x0080018a                counter
                0x0080018c                Day
                0x0080018d                senha1
                0x0080018f                am_pm
                0x00800190                Year
                0x00800192                t_teclado
                0x00800194                senha2
                0x00800196                PROVIDE (__bss_end, .)
                0x00000974                __data_load_start = LOADADDR (.data)
                0x000009f4                __data_load_end = (__data_load_start + SIZEOF (.data))

.noinit         0x00800196        0x0
                [!provide]                PROVIDE (__noinit_start, .)
 *(.noinit*)
                [!provide]                PROVIDE (__noinit_end, .)
                0x00800196                _end = .
                [!provide]                PROVIDE (__heap_start, .)

.eeprom         0x00810000        0x0
 *(.eeprom*)
                0x00810000                __eeprom_end = .

.fuse
 *(.fuse)
 *(.lfuse)
 *(.hfuse)
 *(.efuse)

.lock
 *(.lock*)

.signature
 *(.signature*)

.user_signatures
 *(.user_signatures*)

.stab
 *(.stab)

.stabstr
 *(.stabstr)

.stab.excl
 *(.stab.excl)

.stab.exclstr
 *(.stab.exclstr)

.stab.index
 *(.stab.index)

.stab.indexstr
 *(.stab.indexstr)

.comment        0x00000000       0x30
 *(.comment)
 .comment       0x00000000       0x30 Biblioteca/CentralAlarme.o
                                 0x31 (size before relaxing)
 .comment       0x00000030       0x31 Biblioteca/displayI2C.o
 .comment       0x00000030       0x31 Biblioteca/I2C.o
 .comment       0x00000030       0x31 Biblioteca/UART.o
 .comment       0x00000030       0x31 main.o

.note.gnu.avr.deviceinfo
                0x00000000       0x40
 .note.gnu.avr.deviceinfo
                0x00000000       0x40 C:/Program Files (x86)/Atmel/Studio/7.0/Packs/atmel/ATmega_DFP/1.6.364/gcc/dev/atmega328p/avr5/crtatmega328p.o

.note.gnu.build-id
 *(.note.gnu.build-id)

.debug
 *(.debug)

.line
 *(.line)

.debug_srcinfo
 *(.debug_srcinfo)

.debug_sfnames
 *(.debug_sfnames)

.debug_aranges  0x00000000      0x188
 *(.debug_aranges)
 .debug_aranges
                0x00000000       0x68 Biblioteca/CentralAlarme.o
 .debug_aranges
                0x00000068       0x80 Biblioteca/displayI2C.o
 .debug_aranges
                0x000000e8       0x40 Biblioteca/I2C.o
 .debug_aranges
                0x00000128       0x38 Biblioteca/UART.o
 .debug_aranges
                0x00000160       0x28 main.o

.debug_pubnames
 *(.debug_pubnames)

.debug_info     0x00000000     0x1bdb
 *(.debug_info .gnu.linkonce.wi.*)
 .debug_info    0x00000000      0x5f4 C:/Program Files (x86)/Atmel/Studio/7.0/Packs/atmel/ATmega_DFP/1.6.364/gcc/dev/atmega328p/avr5/crtatmega328p.o
 .debug_info    0x000005f4      0x82b Biblioteca/CentralAlarme.o
 .debug_info    0x00000e1f      0x403 Biblioteca/displayI2C.o
 .debug_info    0x00001222      0x19b Biblioteca/I2C.o
 .debug_info    0x000013bd      0x102 Biblioteca/UART.o
 .debug_info    0x000014bf      0x71c main.o

.debug_abbrev   0x00000000      0xb4b
 *(.debug_abbrev)
 .debug_abbrev  0x00000000      0x5a2 C:/Program Files (x86)/Atmel/Studio/7.0/Packs/atmel/ATmega_DFP/1.6.364/gcc/dev/atmega328p/avr5/crtatmega328p.o
 .debug_abbrev  0x000005a2      0x19e Biblioteca/CentralAlarme.o
 .debug_abbrev  0x00000740      0x150 Biblioteca/displayI2C.o
 .debug_abbrev  0x00000890       0xcc Biblioteca/I2C.o
 .debug_abbrev  0x0000095c       0xa9 Biblioteca/UART.o
 .debug_abbrev  0x00000a05      0x146 main.o

.debug_line     0x00000000     0x118c
 *(.debug_line .debug_line.* .debug_line_end)
 .debug_line    0x00000000      0x134 C:/Program Files (x86)/Atmel/Studio/7.0/Packs/atmel/ATmega_DFP/1.6.364/gcc/dev/atmega328p/avr5/crtatmega328p.o
 .debug_line    0x00000134      0x57d Biblioteca/CentralAlarme.o
 .debug_line    0x000006b1      0x50b Biblioteca/displayI2C.o
 .debug_line    0x00000bbc      0x15e Biblioteca/I2C.o
 .debug_line    0x00000d1a      0x11e Biblioteca/UART.o
 .debug_line    0x00000e38      0x354 main.o

.debug_frame    0x00000000      0x2fc
 *(.debug_frame)
 .debug_frame   0x00000000       0xc8 Biblioteca/CentralAlarme.o
 .debug_frame   0x000000c8      0x100 Biblioteca/displayI2C.o
 .debug_frame   0x000001c8       0x64 Biblioteca/I2C.o
 .debug_frame   0x0000022c       0x54 Biblioteca/UART.o
 .debug_frame   0x00000280       0x7c main.o

.debug_str      0x00000000      0x63d
 *(.debug_str)
 .debug_str     0x00000000      0x208 C:/Program Files (x86)/Atmel/Studio/7.0/Packs/atmel/ATmega_DFP/1.6.364/gcc/dev/atmega328p/avr5/crtatmega328p.o
 .debug_str     0x00000208      0x322 Biblioteca/CentralAlarme.o
                                0x369 (size before relaxing)
 .debug_str     0x0000052a       0x7b Biblioteca/displayI2C.o
                                0x2bf (size before relaxing)
 .debug_str     0x000005a5       0x26 Biblioteca/I2C.o
                                0x241 (size before relaxing)
 .debug_str     0x000005cb       0x47 Biblioteca/UART.o
                                0x208 (size before relaxing)
 .debug_str     0x00000612       0x2b main.o
                                0x2f5 (size before relaxing)

.debug_loc      0x00000000      0xb4f
 *(.debug_loc)
 .debug_loc     0x00000000      0x2d1 Biblioteca/CentralAlarme.o
 .debug_loc     0x000002d1      0x6e7 Biblioteca/displayI2C.o
 .debug_loc     0x000009b8       0x2d Biblioteca/I2C.o
 .debug_loc     0x000009e5      0x16a main.o

.debug_macinfo
 *(.debug_macinfo)

.debug_weaknames
 *(.debug_weaknames)

.debug_funcnames
 *(.debug_funcnames)

.debug_typenames
 *(.debug_typenames)

.debug_varnames
 *(.debug_varnames)

.debug_pubtypes
 *(.debug_pubtypes)

.debug_ranges   0x00000000      0x168
 *(.debug_ranges)
 .debug_ranges  0x00000000       0x58 Biblioteca/CentralAlarme.o
 .debug_ranges  0x00000058       0x88 Biblioteca/displayI2C.o
 .debug_ranges  0x000000e0       0x30 Biblioteca/I2C.o
 .debug_ranges  0x00000110       0x28 Biblioteca/UART.o
 .debug_ranges  0x00000138       0x30 main.o

.debug_macro
 *(.debug_macro)
OUTPUT(CentAlarm.elf elf32-avr)
LOAD linker stubs
